
Compiling lib/main.dart for the Web...                          
This application cannot tree shake icons fonts. It has non-constant instances of IconData at the following locations:
  - file:///Users/Zhuanz/Documents/flutter-test/flutter_application_1/lib/models/serialization_helpers.dart:103:12
Target web_release_bundle failed: Error: Avoid non-constant invocations of IconData or try to build again with --no-tree-shake-icons.
#0      throwToolExit (package:flutter_tools/src/base/common.dart:34:3)
#1      IconTreeShaker._findConstants (package:flutter_tools/src/build_system/targets/icon_tree_shaker.dart:326:7)
<asynchronous suspension>
#2      IconTreeShaker._getIconData (package:flutter_tools/src/build_system/targets/icon_tree_shaker.dart:113:45)
<asynchronous suspension>
#3      IconTreeShaker.subsetFont (package:flutter_tools/src/build_system/targets/icon_tree_shaker.dart:180:5)
<asynchronous suspension>
#4      copyAssets.<anonymous closure> (package:flutter_tools/src/build_system/targets/assets.dart:170:20)
<asynchronous suspension>
#5      Future.wait.<anonymous closure> (dart:async/future.dart:528:21)
<asynchronous suspension>
#6      copyAssets (package:flutter_tools/src/build_system/targets/assets.dart:132:3)
<asynchronous suspension>
#7      WebReleaseBundle.build (package:flutter_tools/src/build_system/targets/web.dart:451:29)
<asynchronous suspension>
#8      _BuildInstance._invokeInternal (package:flutter_tools/src/build_system/build_system.dart:876:9)
<asynchronous suspension>
#9      Future.wait.<anonymous closure> (dart:async/future.dart:528:21)
<asynchronous suspension>
#10     _BuildInstance.invokeTarget (package:flutter_tools/src/build_system/build_system.dart:814:32)
<asynchronous suspension>
#11     FlutterBuildSystem.build (package:flutter_tools/src/build_system/build_system.dart:637:16)
<asynchronous suspension>
#12     WebBuilder.buildWeb (package:flutter_tools/src/web/compile.dart:93:34)
<asynchronous suspension>
#13     BuildWebCommand.runCommand (package:flutter_tools/src/commands/build_web.dart:253:5)
<asynchronous suspension>
#14     FlutterCommand.run.<anonymous closure> (package:flutter_tools/src/runner/flutter_command.dart:1558:27)
<asynchronous suspension>
#15     AppContext.run.<anonymous closure> (package:flutter_tools/src/base/context.dart:154:19)
<asynchronous suspension>
#16     CommandRunner.runCommand (package:args/command_runner.dart:212:13)
<asynchronous suspension>
#17     FlutterCommandRunner.runCommand.<anonymous closure> (package:flutter_tools/src/runner/flutter_command_runner.dart:496:9)
<asynchronous suspension>
#18     AppContext.run.<anonymous closure> (package:flutter_tools/src/base/context.dart:154:19)
<asynchronous suspension>
#19     FlutterCommandRunner.runCommand (package:flutter_tools/src/runner/flutter_command_runner.dart:431:5)
<asynchronous suspension>
#20     run.<anonymous closure>.<anonymous closure> (package:flutter_tools/runner.dart:98:11)
<asynchronous suspension>
#21     AppContext.run.<anonymous closure> (package:flutter_tools/src/base/context.dart:154:19)
<asynchronous suspension>
#22     main (package:flutter_tools/executable.dart:99:3)
<asynchronous suspension>

Compiling lib/main.dart for the Web...                           1,266ms
Error: Failed to compile application for the Web.
